
> eden-genesis-registry@0.1.0 build
> prisma generate && next build

warn The configuration property `package.json#prisma` is deprecated and will be removed in Prisma 7. Please migrate to a Prisma config file (e.g., `prisma.config.ts`).
For more information, see: https://pris.ly/prisma-config

Environment variables loaded from .env
Prisma schema loaded from prisma/schema.prisma

✔ Generated Prisma Client (v6.14.0) to ./node_modules/@prisma/client in 114ms

Start by importing your Prisma Client (See: https://pris.ly/d/importing-client)

Tip: Want to turn off tips and other hints? https://pris.ly/tip-4-nohints

 ⚠ Warning: Next.js inferred your workspace root, but it may not be correct.
 We detected multiple lockfiles and selected the directory of /Users/seth/package-lock.json as the root directory.
 To silence this warning, set `outputFileTracingRoot` in your Next.js config, or consider removing one of the lockfiles if it's not needed.
   See https://nextjs.org/docs/app/api-reference/config/next-config-js/output#caveats for more information.
 Detected additional lockfiles: 
   * /Users/seth/eden-genesis-registry/package-lock.json

   ▲ Next.js 15.5.0
   - Environments: .env.production.local, .env.production, .env

   Creating an optimized production build ...
 ✓ Compiled successfully in 1218ms
   Linting and checking validity of types ...

Failed to compile.

./src/app/api/v1/agents/[id]/analyze/route.ts
49:23  Error: Unexpected any. Specify a different type.  @typescript-eslint/no-explicit-any
100:14  Warning: 'error' is defined but never used.  @typescript-eslint/no-unused-vars
117:46  Error: Unexpected any. Specify a different type.  @typescript-eslint/no-explicit-any
117:61  Error: Unexpected any. Specify a different type.  @typescript-eslint/no-explicit-any
152:9  Error: Unexpected any. Specify a different type.  @typescript-eslint/no-explicit-any
153:22  Error: Unexpected any. Specify a different type.  @typescript-eslint/no-explicit-any
155:13  Error: Unexpected any. Specify a different type.  @typescript-eslint/no-explicit-any
189:42  Error: Unexpected any. Specify a different type.  @typescript-eslint/no-explicit-any
199:29  Error: Unexpected any. Specify a different type.  @typescript-eslint/no-explicit-any
204:40  Error: Unexpected any. Specify a different type.  @typescript-eslint/no-explicit-any
222:36  Error: Unexpected any. Specify a different type.  @typescript-eslint/no-explicit-any
222:51  Error: Unexpected any. Specify a different type.  @typescript-eslint/no-explicit-any
238:33  Error: Unexpected any. Specify a different type.  @typescript-eslint/no-explicit-any
238:48  Error: Unexpected any. Specify a different type.  @typescript-eslint/no-explicit-any
260:35  Error: Unexpected any. Specify a different type.  @typescript-eslint/no-explicit-any
260:50  Error: Unexpected any. Specify a different type.  @typescript-eslint/no-explicit-any
271:39  Error: Unexpected any. Specify a different type.  @typescript-eslint/no-explicit-any
295:39  Error: Unexpected any. Specify a different type.  @typescript-eslint/no-explicit-any
295:53  Error: Unexpected any. Specify a different type.  @typescript-eslint/no-explicit-any
318:43  Error: Unexpected any. Specify a different type.  @typescript-eslint/no-explicit-any
318:57  Error: Unexpected any. Specify a different type.  @typescript-eslint/no-explicit-any
336:44  Error: Unexpected any. Specify a different type.  @typescript-eslint/no-explicit-any
336:59  Error: Unexpected any. Specify a different type.  @typescript-eslint/no-explicit-any
336:66  Warning: 'context' is defined but never used.  @typescript-eslint/no-unused-vars
336:75  Error: Unexpected any. Specify a different type.  @typescript-eslint/no-explicit-any
348:40  Error: Unexpected any. Specify a different type.  @typescript-eslint/no-explicit-any
348:55  Error: Unexpected any. Specify a different type.  @typescript-eslint/no-explicit-any
348:62  Warning: 'context' is defined but never used.  @typescript-eslint/no-unused-vars
348:71  Error: Unexpected any. Specify a different type.  @typescript-eslint/no-explicit-any
379:37  Error: Unexpected any. Specify a different type.  @typescript-eslint/no-explicit-any
379:51  Error: Unexpected any. Specify a different type.  @typescript-eslint/no-explicit-any
397:42  Error: Unexpected any. Specify a different type.  @typescript-eslint/no-explicit-any
397:56  Error: Unexpected any. Specify a different type.  @typescript-eslint/no-explicit-any
404:44  Error: Unexpected any. Specify a different type.  @typescript-eslint/no-explicit-any
404:66  Error: Unexpected any. Specify a different type.  @typescript-eslint/no-explicit-any

./src/app/api/v1/agents/[id]/curate/route.ts
216:34  Error: Unexpected any. Specify a different type.  @typescript-eslint/no-explicit-any
229:40  Error: Unexpected any. Specify a different type.  @typescript-eslint/no-explicit-any
230:41  Error: Unexpected any. Specify a different type.  @typescript-eslint/no-explicit-any
231:30  Error: Unexpected any. Specify a different type.  @typescript-eslint/no-explicit-any

./src/app/api/v1/agents/[id]/personas/route.ts
59:42  Error: Unexpected any. Specify a different type.  @typescript-eslint/no-explicit-any
60:47  Error: Unexpected any. Specify a different type.  @typescript-eslint/no-explicit-any
63:54  Error: Unexpected any. Specify a different type.  @typescript-eslint/no-explicit-any

./src/app/api/v1/agents/[id]/profile/route.ts
67:44  Error: Unexpected any. Specify a different type.  @typescript-eslint/no-explicit-any
68:51  Error: Unexpected any. Specify a different type.  @typescript-eslint/no-explicit-any
71:56  Error: Unexpected any. Specify a different type.  @typescript-eslint/no-explicit-any

./src/app/api/v1/agents/[id]/progress/route.ts
57:38  Error: Unexpected any. Specify a different type.  @typescript-eslint/no-explicit-any
58:33  Error: Unexpected any. Specify a different type.  @typescript-eslint/no-explicit-any
68:45  Error: Unexpected any. Specify a different type.  @typescript-eslint/no-explicit-any

./src/app/api/v1/agents/[id]/stats/route.ts
47:28  Error: Unexpected any. Specify a different type.  @typescript-eslint/no-explicit-any
53:42  Error: Unexpected any. Specify a different type.  @typescript-eslint/no-explicit-any
53:50  Error: Unexpected any. Specify a different type.  @typescript-eslint/no-explicit-any
57:44  Error: Unexpected any. Specify a different type.  @typescript-eslint/no-explicit-any
57:52  Error: Unexpected any. Specify a different type.  @typescript-eslint/no-explicit-any
61:44  Error: Unexpected any. Specify a different type.  @typescript-eslint/no-explicit-any
61:52  Error: Unexpected any. Specify a different type.  @typescript-eslint/no-explicit-any
67:42  Error: Unexpected any. Specify a different type.  @typescript-eslint/no-explicit-any
68:41  Error: Unexpected any. Specify a different type.  @typescript-eslint/no-explicit-any
70:23  Error: Unexpected any. Specify a different type.  @typescript-eslint/no-explicit-any
71:36  Error: Unexpected any. Specify a different type.  @typescript-eslint/no-explicit-any
71:49  Error: Unexpected any. Specify a different type.  @typescript-eslint/no-explicit-any
75:57  Error: Unexpected any. Specify a different type.  @typescript-eslint/no-explicit-any
76:57  Error: Unexpected any. Specify a different type.  @typescript-eslint/no-explicit-any
77:58  Error: Unexpected any. Specify a different type.  @typescript-eslint/no-explicit-any
82:26  Error: Unexpected any. Specify a different type.  @typescript-eslint/no-explicit-any
83:27  Error: Unexpected any. Specify a different type.  @typescript-eslint/no-explicit-any
98:28  Error: Unexpected any. Specify a different type.  @typescript-eslint/no-explicit-any
98:36  Error: Unexpected any. Specify a different type.  @typescript-eslint/no-explicit-any
122:14  Warning: 'error' is defined but never used.  @typescript-eslint/no-unused-vars
148:34  Error: Unexpected any. Specify a different type.  @typescript-eslint/no-explicit-any
171:42  Error: Unexpected any. Specify a different type.  @typescript-eslint/no-explicit-any
175:15  Error: Unexpected any. Specify a different type.  @typescript-eslint/no-explicit-any
175:23  Error: Unexpected any. Specify a different type.  @typescript-eslint/no-explicit-any

./src/app/api/v1/agents/[id]/works/route.ts
50:18  Error: Unexpected any. Specify a different type.  @typescript-eslint/no-explicit-any
77:40  Error: Unexpected any. Specify a different type.  @typescript-eslint/no-explicit-any
78:34  Error: Unexpected any. Specify a different type.  @typescript-eslint/no-explicit-any
79:34  Error: Unexpected any. Specify a different type.  @typescript-eslint/no-explicit-any
80:34  Error: Unexpected any. Specify a different type.  @typescript-eslint/no-explicit-any
81:35  Error: Unexpected any. Specify a different type.  @typescript-eslint/no-explicit-any
82:34  Error: Unexpected any. Specify a different type.  @typescript-eslint/no-explicit-any
83:34  Error: Unexpected any. Specify a different type.  @typescript-eslint/no-explicit-any

./src/app/api/v1/agents/generate/route.ts
93:37  Error: Unexpected any. Specify a different type.  @typescript-eslint/no-explicit-any
205:78  Error: Unexpected any. Specify a different type.  @typescript-eslint/no-explicit-any

./src/app/api/v1/agents/onboard/route.ts
160:25  Error: Unexpected any. Specify a different type.  @typescript-eslint/no-explicit-any
178:38  Error: Unexpected any. Specify a different type.  @typescript-eslint/no-explicit-any
262:34  Error: Unexpected any. Specify a different type.  @typescript-eslint/no-explicit-any
298:52  Error: Unexpected any. Specify a different type.  @typescript-eslint/no-explicit-any
323:31  Error: Unexpected any. Specify a different type.  @typescript-eslint/no-explicit-any
354:19  Error: Unexpected any. Specify a different type.  @typescript-eslint/no-explicit-any
367:27  Warning: 'request' is defined but never used.  @typescript-eslint/no-unused-vars

./src/app/api/v1/applications/[id]/route.ts
3:10  Warning: 'withAuth' is defined but never used.  @typescript-eslint/no-unused-vars

./src/app/api/v1/applications/simple/route.ts
27:47  Error: Unexpected any. Specify a different type.  @typescript-eslint/no-explicit-any

./src/app/api/v1/collaborations/[collaborationId]/vote/route.ts
211:13  Error: Unexpected any. Specify a different type.  @typescript-eslint/no-explicit-any
227:46  Error: Unexpected any. Specify a different type.  @typescript-eslint/no-explicit-any
238:50  Error: Unexpected any. Specify a different type.  @typescript-eslint/no-explicit-any
239:50  Error: Unexpected any. Specify a different type.  @typescript-eslint/no-explicit-any
241:38  Error: Unexpected any. Specify a different type.  @typescript-eslint/no-explicit-any
244:49  Error: Unexpected any. Specify a different type.  @typescript-eslint/no-explicit-any
245:49  Error: Unexpected any. Specify a different type.  @typescript-eslint/no-explicit-any
266:49  Error: Unexpected any. Specify a different type.  @typescript-eslint/no-explicit-any
268:38  Error: Unexpected any. Specify a different type.  @typescript-eslint/no-explicit-any
276:35  Error: Unexpected any. Specify a different type.  @typescript-eslint/no-explicit-any
278:40  Error: Unexpected any. Specify a different type.  @typescript-eslint/no-explicit-any
288:40  Error: Unexpected any. Specify a different type.  @typescript-eslint/no-explicit-any
289:40  Error: Unexpected any. Specify a different type.  @typescript-eslint/no-explicit-any
290:41  Error: Unexpected any. Specify a different type.  @typescript-eslint/no-explicit-any
308:33  Error: Unexpected any. Specify a different type.  @typescript-eslint/no-explicit-any

./src/app/api/v1/collections/[collectionId]/works/route.ts
298:27  Error: Unexpected any. Specify a different type.  @typescript-eslint/no-explicit-any
347:33  Error: Unexpected any. Specify a different type.  @typescript-eslint/no-explicit-any

./src/app/api/v1/creations/bulk-import/route.ts
17:8  Warning: 'BulkImport' is defined but never used.  @typescript-eslint/no-unused-vars
90:23  Error: Unexpected any. Specify a different type.  @typescript-eslint/no-explicit-any
112:19  Error: Unexpected any. Specify a different type.  @typescript-eslint/no-explicit-any
137:34  Error: Unexpected any. Specify a different type.  @typescript-eslint/no-explicit-any
159:15  Error: Unexpected any. Specify a different type.  @typescript-eslint/no-explicit-any
161:12  Error: Unexpected any. Specify a different type.  @typescript-eslint/no-explicit-any
186:23  Error: Unexpected any. Specify a different type.  @typescript-eslint/no-explicit-any
187:23  Error: Unexpected any. Specify a different type.  @typescript-eslint/no-explicit-any
286:30  Error: Unexpected any. Specify a different type.  @typescript-eslint/no-explicit-any
335:19  Error: Unexpected any. Specify a different type.  @typescript-eslint/no-explicit-any

./src/app/api/v1/curation/analytics/route.ts
10:3  Warning: 'CuratorAnalyticsSchema' is defined but never used.  @typescript-eslint/no-unused-vars
185:49  Error: Unexpected any. Specify a different type.  @typescript-eslint/no-explicit-any
185:65  Error: Unexpected any. Specify a different type.  @typescript-eslint/no-explicit-any
195:38  Error: Unexpected any. Specify a different type.  @typescript-eslint/no-explicit-any
206:41  Error: Unexpected any. Specify a different type.  @typescript-eslint/no-explicit-any
219:42  Error: Unexpected any. Specify a different type.  @typescript-eslint/no-explicit-any
219:56  Error: Unexpected any. Specify a different type.  @typescript-eslint/no-explicit-any
255:61  Warning: 'sessions' is defined but never used.  @typescript-eslint/no-unused-vars
264:61  Error: Unexpected any. Specify a different type.  @typescript-eslint/no-explicit-any
265:31  Error: Unexpected any. Specify a different type.  @typescript-eslint/no-explicit-any
275:53  Error: Unexpected any. Specify a different type.  @typescript-eslint/no-explicit-any
296:46  Error: Unexpected any. Specify a different type.  @typescript-eslint/no-explicit-any
296:60  Error: Unexpected any. Specify a different type.  @typescript-eslint/no-explicit-any
386:3  Warning: 'decisions' is defined but never used.  @typescript-eslint/no-unused-vars
386:14  Error: Unexpected any. Specify a different type.  @typescript-eslint/no-explicit-any
387:12  Error: Unexpected any. Specify a different type.  @typescript-eslint/no-explicit-any
432:36  Error: Unexpected any. Specify a different type.  @typescript-eslint/no-explicit-any
432:42  Error: Unexpected any. Specify a different type.  @typescript-eslint/no-explicit-any

./src/app/api/v1/curation/sessions/[sessionId]/decisions/route.ts
208:33  Error: Unexpected any. Specify a different type.  @typescript-eslint/no-explicit-any
260:35  Error: Unexpected any. Specify a different type.  @typescript-eslint/no-explicit-any

./src/app/api/v1/curation/sessions/route.ts
118:41  Error: Unexpected any. Specify a different type.  @typescript-eslint/no-explicit-any
143:60  Error: Unexpected any. Specify a different type.  @typescript-eslint/no-explicit-any
152:32  Error: Unexpected any. Specify a different type.  @typescript-eslint/no-explicit-any
158:32  Error: Unexpected any. Specify a different type.  @typescript-eslint/no-explicit-any
164:32  Error: Unexpected any. Specify a different type.  @typescript-eslint/no-explicit-any
171:34  Error: Unexpected any. Specify a different type.  @typescript-eslint/no-explicit-any
176:34  Error: Unexpected any. Specify a different type.  @typescript-eslint/no-explicit-any

./src/app/api/v1/dashboard/progress/route.ts
10:16  Error: Unexpected any. Specify a different type.  @typescript-eslint/no-explicit-any

./src/app/applications/page.tsx
129:43  Error: `"` can be escaped with `&quot;`, `&ldquo;`, `&#34;`, `&rdquo;`.  react/no-unescaped-entities
129:52  Error: `"` can be escaped with `&quot;`, `&ldquo;`, `&#34;`, `&rdquo;`.  react/no-unescaped-entities

./src/app/apply/page.tsx
44:15  Error: `'` can be escaped with `&apos;`, `&lsquo;`, `&#39;`, `&rsquo;`.  react/no-unescaped-entities

./src/app/genesis/apply/page.tsx
67:46  Error: Unexpected any. Specify a different type.  @typescript-eslint/no-explicit-any
74:68  Error: Unexpected any. Specify a different type.  @typescript-eslint/no-explicit-any
78:49  Error: Unexpected any. Specify a different type.  @typescript-eslint/no-explicit-any
106:68  Error: Unexpected any. Specify a different type.  @typescript-eslint/no-explicit-any
368:61  Error: Unexpected any. Specify a different type.  @typescript-eslint/no-explicit-any

./src/app/genesis/apply-ai/page.tsx
4:10  Warning: 'ChevronDown' is defined but never used.  @typescript-eslint/no-unused-vars
4:23  Warning: 'ChevronRight' is defined but never used.  @typescript-eslint/no-unused-vars
15:60  Error: Unexpected any. Specify a different type.  @typescript-eslint/no-explicit-any
50:36  Error: Unexpected any. Specify a different type.  @typescript-eslint/no-explicit-any

./src/app/genesis/apply-v2/page.tsx
23:42  Error: Unexpected any. Specify a different type.  @typescript-eslint/no-explicit-any
60:6  Warning: React Hook useEffect has a missing dependency: 'generatePreview'. Either include it or remove the dependency array.  react-hooks/exhaustive-deps
88:36  Error: Unexpected any. Specify a different type.  @typescript-eslint/no-explicit-any
139:19  Error: Unexpected any. Specify a different type.  @typescript-eslint/no-explicit-any

./src/app/genesis/page.tsx
14:13  Error: Unexpected any. Specify a different type.  @typescript-eslint/no-explicit-any
207:15  Error: `'` can be escaped with `&apos;`, `&lsquo;`, `&#39;`, `&rsquo;`.  react/no-unescaped-entities

./src/app/genesis/success/page.tsx
13:61  Error: `'` can be escaped with `&apos;`, `&lsquo;`, `&#39;`, `&rsquo;`.  react/no-unescaped-entities
36:11  Error: Do not use an `<a>` element to navigate to `/`. Use `<Link />` from `next/link` instead. See: https://nextjs.org/docs/messages/no-html-link-for-pages  @next/next/no-html-link-for-pages

./src/app/healthz/route.ts
3:27  Warning: 'request' is defined but never used.  @typescript-eslint/no-unused-vars

./src/app/invite/[token]/page.tsx
15:9  Warning: 'router' is assigned a value but never used.  @typescript-eslint/no-unused-vars
18:36  Error: Unexpected any. Specify a different type.  @typescript-eslint/no-explicit-any
19:17  Warning: 'setAgent' is assigned a value but never used.  @typescript-eslint/no-unused-vars
19:38  Error: Unexpected any. Specify a different type.  @typescript-eslint/no-explicit-any
30:6  Warning: React Hook useEffect has a missing dependency: 'authenticateWithToken'. Either include it or remove the dependency array.  react-hooks/exhaustive-deps
54:19  Error: Unexpected any. Specify a different type.  @typescript-eslint/no-explicit-any
60:32  Warning: 'token' is defined but never used.  @typescript-eslint/no-unused-vars
133:51  Error: `'` can be escaped with `&apos;`, `&lsquo;`, `&#39;`, `&rsquo;`.  react/no-unescaped-entities
205:34  Error: `'` can be escaped with `&apos;`, `&lsquo;`, `&#39;`, `&rsquo;`.  react/no-unescaped-entities
215:36  Error: `'` can be escaped with `&apos;`, `&lsquo;`, `&#39;`, `&rsquo;`.  react/no-unescaped-entities

./src/app/schema/page.tsx
534:15  Error: Do not use an `<a>` element to navigate to `/api/v1/agents/mock/`. Use `<Link />` from `next/link` instead. See: https://nextjs.org/docs/messages/no-html-link-for-pages  @next/next/no-html-link-for-pages
540:15  Error: Do not use an `<a>` element to navigate to `/`. Use `<Link />` from `next/link` instead. See: https://nextjs.org/docs/messages/no-html-link-for-pages  @next/next/no-html-link-for-pages

./src/app/upload/page.tsx
7:9  Warning: 'router' is assigned a value but never used.  @typescript-eslint/no-unused-vars
8:40  Error: Unexpected any. Specify a different type.  @typescript-eslint/no-explicit-any

./src/lib/agent-lifecycle.ts
7:23  Warning: 'UpdateSource' is defined but never used.  @typescript-eslint/no-unused-vars
18:22  Error: Unexpected any. Specify a different type.  @typescript-eslint/no-explicit-any
64:45  Error: Unexpected any. Specify a different type.  @typescript-eslint/no-explicit-any
95:61  Error: Unexpected any. Specify a different type.  @typescript-eslint/no-explicit-any
142:12  Error: Unexpected any. Specify a different type.  @typescript-eslint/no-explicit-any
145:29  Error: Unexpected any. Specify a different type.  @typescript-eslint/no-explicit-any
188:33  Error: Unexpected any. Specify a different type.  @typescript-eslint/no-explicit-any
219:24  Error: Unexpected any. Specify a different type.  @typescript-eslint/no-explicit-any
241:15  Error: Unexpected any. Specify a different type.  @typescript-eslint/no-explicit-any
243:5  Warning: 'evidence' is defined but never used.  @typescript-eslint/no-unused-vars
278:26  Error: Unexpected any. Specify a different type.  @typescript-eslint/no-explicit-any
297:33  Error: Unexpected any. Specify a different type.  @typescript-eslint/no-explicit-any
317:13  Error: Unexpected any. Specify a different type.  @typescript-eslint/no-explicit-any
337:13  Error: Unexpected any. Specify a different type.  @typescript-eslint/no-explicit-any
359:19  Error: Unexpected any. Specify a different type.  @typescript-eslint/no-explicit-any
360:13  Error: Unexpected any. Specify a different type.  @typescript-eslint/no-explicit-any
451:30  Error: Unexpected any. Specify a different type.  @typescript-eslint/no-explicit-any

./src/lib/audit.ts
10:11  Error: Unexpected any. Specify a different type.  @typescript-eslint/no-explicit-any
37:11  Error: Unexpected any. Specify a different type.  @typescript-eslint/no-explicit-any

./src/lib/auth.ts
42:12  Warning: 'error' is defined but never used.  @typescript-eslint/no-unused-vars

./src/lib/validations.ts
2:59  Warning: 'ApplicationStatus' is defined but never used.  @typescript-eslint/no-unused-vars

./src/lib/webhooks.ts
6:9  Error: Unexpected any. Specify a different type.  @typescript-eslint/no-explicit-any
10:60  Error: Unexpected any. Specify a different type.  @typescript-eslint/no-explicit-any
34:31  Error: Unexpected any. Specify a different type.  @typescript-eslint/no-explicit-any

./src/middleware/api-auth.ts
6:10  Error: Unexpected any. Specify a different type.  @typescript-eslint/no-explicit-any
68:42  Error: Unexpected any. Specify a different type.  @typescript-eslint/no-explicit-any
99:22  Error: Unexpected any. Specify a different type.  @typescript-eslint/no-explicit-any

./src/middleware/auth.ts
16:20  Error: Unexpected any. Specify a different type.  @typescript-eslint/no-explicit-any
40:12  Warning: 'error' is defined but never used.  @typescript-eslint/no-unused-vars

info  - Need to disable some ESLint rules? Learn more here: https://nextjs.org/docs/app/api-reference/config/eslint#disabling-rules
